uv : Creating test database for alias 
'default'...
At line:1 char:53
+ ... ings.test"; uv run python 
manage.py test 
apps.jobs.tests.test_views_m ...
+                 ~~~~~~~~~~~~~~~~~~~~~
~~~~~~~~~~~~~~~~~~~~~~~~~~~~~~~~~~~~
    + CategoryInfo          : NotSpeci 
   fied: (Creating test d...as 'defau  
  lt'...:String) [], RemoteException
    + FullyQualifiedErrorId : NativeCo 
   mmandError
 

E
=======================================
===============================
ERROR: test_start_work_session_approved
_application_no_assigned_handyman (apps
.jobs.tests.test_views_mobile.HandymanW
orkSessionStartViewTests.test_start_wor
k_session_approved_application_no_assig
ned_handyman)
Test starting session when 
assigned_handyman is None but 
application is approved.
---------------------------------------
-------------------------------
Traceback (most recent call last):
  File "C:\Users\Rif42\AppData\Roaming\
uv\python\cpython-3.13.7-windows-x86_64
-none\Lib\unittest\mock.py", line 
1426, in patched
    return func(*newargs, 
**newkeywargs)
  File "E:\work\solutionbank\backend\ap
ps\jobs\tests\test_views_mobile.py", 
line 3647, in test_start_work_session_a
pproved_application_no_assigned_handyma
n
    JobApplication.objects.create(
    ~~~~~~~~~~~~~~~~~~~~~~~~~~~~~^
        job=self.job,
        ^^^^^^^^^^^^^
    ...<2 lines>...
        cover_letter="I am the best",
        ^^^^^^^^^^^^^^^^^^^^^^^^^^^^^
    )
    ^
  File "E:\work\solutionbank\backend\.v
env\Lib\site-packages\django\db\models\
manager.py", line 87, in manager_method
    return 
getattr(self.get_queryset(), 
name)(*args, **kwargs)
           ~~~~~~~~~~~~~~~~~~~~~~~~~~~~
~~~~~~^^^^^^^^^^^^^^^^^
  File "E:\work\solutionbank\backend\.v
env\Lib\site-packages\django\db\models\
query.py", line 661, in create
    obj = self.model(**kwargs)
  File "E:\work\solutionbank\backend\.v
env\Lib\site-packages\django\db\models\
base.py", line 569, in __init__
    raise TypeError(
    ...<2 lines>...
    )
TypeError: JobApplication() got 
unexpected keyword arguments: 
'cover_letter'

---------------------------------------
-------------------------------
Ran 1 test in 0.025s

FAILED (errors=1)
Destroying test database for alias 
'default'...

Found 1 test(s).
System check identified no issues (0 silenced).
